#
# There is insufficient memory for the Java Runtime Environment to continue.
# Native memory allocation (malloc) failed to allocate 667376 bytes. Error detail: Chunk::new
# Possible reasons:
#   The system is out of physical RAM or swap space
#   This process is running with CompressedOops enabled, and the Java Heap may be blocking the growth of the native heap
# Possible solutions:
#   Reduce memory load on the system
#   Increase physical memory or swap space
#   Check if swap backing store is full
#   Decrease Java heap size (-Xmx/-Xms)
#   Decrease number of Java threads
#   Decrease Java thread stack sizes (-Xss)
#   Set larger code cache with -XX:ReservedCodeCacheSize=
#   JVM is running with Unscaled Compressed Oops mode in which the Java heap is
#     placed in the first 4GB address space. The Java Heap base address is the
#     maximum limit for the native heap growth. Please use -XX:HeapBaseMinAddress
#     to set the Java Heap base and to place the Java Heap above 4GB virtual address.
# This output file may be truncated or incomplete.
#
#  Out of Memory Error (arena.cpp:168), pid=27488, tid=33704
#
# JRE version: OpenJDK Runtime Environment Temurin-21.0.5+11 (21.0.5+11) (build 21.0.5+11-LTS)
# Java VM: OpenJDK 64-Bit Server VM Temurin-21.0.5+11 (21.0.5+11-LTS, mixed mode, sharing, tiered, compressed oops, compressed class ptrs, parallel gc, windows-amd64)
# No core dump will be written. Minidumps are not enabled by default on client versions of Windows
#

---------------  S U M M A R Y ------------

Command Line: --add-modules=ALL-SYSTEM --add-opens=java.base/java.util=ALL-UNNAMED --add-opens=java.base/java.lang=ALL-UNNAMED --add-opens=java.base/sun.nio.fs=ALL-UNNAMED -Declipse.application=org.eclipse.jdt.ls.core.id1 -Dosgi.bundles.defaultStartLevel=4 -Declipse.product=org.eclipse.jdt.ls.core.product -Djava.import.generatesMetadataFilesAtProjectRoot=false -DDetectVMInstallationsJob.disabled=true -Dfile.encoding=utf8 -XX:+UseParallelGC -XX:GCTimeRatio=4 -XX:AdaptiveSizePolicyWeight=90 -Dsun.zip.disableMemoryMapping=true -Xmx1G -Xms100m -Xlog:disable -javaagent:c:\Users\nguye\.cursor\extensions\redhat.java-1.39.0-win32-x64\lombok\lombok-1.18.34.jar c:\Users\nguye\.cursor\extensions\redhat.java-1.39.0-win32-x64\server\plugins\org.eclipse.equinox.launcher_1.6.900.v20240613-2009.jar -configuration c:\Users\nguye\AppData\Roaming\Cursor\User\globalStorage\redhat.java\1.39.0\config_ss_win -data c:\Users\nguye\AppData\Roaming\Cursor\User\workspaceStorage\ed44e53be9f5bbf355ef99718bf589ff\redhat.java\ss_ws --pipe=\\.\pipe\lsp-8230abb35fea576ea3c7580ef303fe6e-sock

Host: 12th Gen Intel(R) Core(TM) i7-12700H, 20 cores, 7G,  Windows 11 , 64 bit Build 22621 (10.0.22621.4391)
Time: Tue Feb 25 14:58:37 2025 SE Asia Standard Time elapsed time: 9.912535 seconds (0d 0h 0m 9s)

---------------  T H R E A D  ---------------

Current thread (0x0000020225dccf80):  JavaThread "C2 CompilerThread0" daemon [_thread_in_native, id=33704, stack(0x0000002262700000,0x0000002262800000) (1024K)]


Current CompileTask:
C2:9913 2857       4       org.lombokweb.asm.ClassReader::readMethod (1066 bytes)

Stack: [0x0000002262700000,0x0000002262800000]
Native frames: (J=compiled Java code, j=interpreted, Vv=VM code, C=native code)
V  [jvm.dll+0x6cd4e9]
V  [jvm.dll+0x8a7941]
V  [jvm.dll+0x8a9e6e]
V  [jvm.dll+0x8aa543]
V  [jvm.dll+0x27f6d6]
V  [jvm.dll+0xc500d]
V  [jvm.dll+0xc5543]
V  [jvm.dll+0x2f2a9d]
V  [jvm.dll+0x5f67ea]
V  [jvm.dll+0x250b82]
V  [jvm.dll+0x249506]
V  [jvm.dll+0x246ea4]
V  [jvm.dll+0x1c75ce]
V  [jvm.dll+0x25682a]
V  [jvm.dll+0x254dca]
V  [jvm.dll+0x3f00d6]
V  [jvm.dll+0x8514fb]
V  [jvm.dll+0x6cbbed]
C  [ucrtbase.dll+0x29333]
C  [KERNEL32.DLL+0x1259d]
C  [ntdll.dll+0x5af38]


---------------  P R O C E S S  ---------------

Threads class SMR info:
_java_thread_list=0x000002027ee94bf0, length=20, elements={
0x0000020225d1a620, 0x0000020225db4f70, 0x0000020225db7030, 0x0000020225dbb500,
0x0000020225dbc150, 0x0000020225dbdb10, 0x0000020225dc0890, 0x0000020225dccf80,
0x0000020225dce5e0, 0x000002027c904840, 0x000002027cb5ed10, 0x000002027eb64f10,
0x000002027f017db0, 0x0000020204028660, 0x0000020204017780, 0x0000020204044b60,
0x0000020204154380, 0x000002027e9702d0, 0x000002027e970930, 0x000002027e873aa0
}

Java Threads: ( => current thread )
  0x0000020225d1a620 JavaThread "main"                              [_thread_blocked, id=23720, stack(0x0000002261d00000,0x0000002261e00000) (1024K)]
  0x0000020225db4f70 JavaThread "Reference Handler"          daemon [_thread_blocked, id=20500, stack(0x0000002262100000,0x0000002262200000) (1024K)]
  0x0000020225db7030 JavaThread "Finalizer"                  daemon [_thread_blocked, id=29688, stack(0x0000002262200000,0x0000002262300000) (1024K)]
  0x0000020225dbb500 JavaThread "Signal Dispatcher"          daemon [_thread_blocked, id=15592, stack(0x0000002262300000,0x0000002262400000) (1024K)]
  0x0000020225dbc150 JavaThread "Attach Listener"            daemon [_thread_blocked, id=29056, stack(0x0000002262400000,0x0000002262500000) (1024K)]
  0x0000020225dbdb10 JavaThread "Service Thread"             daemon [_thread_blocked, id=15672, stack(0x0000002262500000,0x0000002262600000) (1024K)]
  0x0000020225dc0890 JavaThread "Monitor Deflation Thread"   daemon [_thread_blocked, id=21404, stack(0x0000002262600000,0x0000002262700000) (1024K)]
=>0x0000020225dccf80 JavaThread "C2 CompilerThread0"         daemon [_thread_in_native, id=33704, stack(0x0000002262700000,0x0000002262800000) (1024K)]
  0x0000020225dce5e0 JavaThread "C1 CompilerThread0"         daemon [_thread_blocked, id=5520, stack(0x0000002262800000,0x0000002262900000) (1024K)]
  0x000002027c904840 JavaThread "Common-Cleaner"             daemon [_thread_blocked, id=29268, stack(0x0000002262900000,0x0000002262a00000) (1024K)]
  0x000002027cb5ed10 JavaThread "Notification Thread"        daemon [_thread_blocked, id=19484, stack(0x0000002262a00000,0x0000002262b00000) (1024K)]
  0x000002027eb64f10 JavaThread "Active Thread: Equinox Container: dce0a04c-2b22-4939-bb09-7af15dab9e3a"        [_thread_blocked, id=20276, stack(0x0000002263100000,0x0000002263200000) (1024K)]
  0x000002027f017db0 JavaThread "Framework Event Dispatcher: Equinox Container: dce0a04c-2b22-4939-bb09-7af15dab9e3a" daemon [_thread_blocked, id=22996, stack(0x0000002263200000,0x0000002263300000) (1024K)]
  0x0000020204028660 JavaThread "Start Level: Equinox Container: dce0a04c-2b22-4939-bb09-7af15dab9e3a" daemon [_thread_in_vm, id=30380, stack(0x0000002263300000,0x0000002263400000) (1024K)]
  0x0000020204017780 JavaThread "SCR Component Actor"        daemon [_thread_blocked, id=16636, stack(0x0000002263400000,0x0000002263500000) (1024K)]
  0x0000020204044b60 JavaThread "SCR Component Registry"     daemon [_thread_blocked, id=30100, stack(0x0000002263600000,0x0000002263700000) (1024K)]
  0x0000020204154380 JavaThread "Worker-JM"                         [_thread_blocked, id=27000, stack(0x0000002263700000,0x0000002263800000) (1024K)]
  0x000002027e9702d0 JavaThread "JNA Cleaner"                daemon [_thread_blocked, id=28868, stack(0x0000002263b00000,0x0000002263c00000) (1024K)]
  0x000002027e970930 JavaThread "Worker-0"                          [_thread_blocked, id=29120, stack(0x0000002263c00000,0x0000002263d00000) (1024K)]
  0x000002027e873aa0 JavaThread "Worker-1"                          [_thread_blocked, id=30668, stack(0x0000002263d00000,0x0000002263e00000) (1024K)]
Total: 20

Other Threads:
  0x000002023a244670 VMThread "VM Thread"                           [id=20184, stack(0x0000002262000000,0x0000002262100000) (1024K)]
  0x000002023a13ca00 WatcherThread "VM Periodic Task Thread"        [id=30640, stack(0x0000002261f00000,0x0000002262000000) (1024K)]
  0x0000020225d372c0 WorkerThread "GC Thread#0"                     [id=32472, stack(0x0000002261e00000,0x0000002261f00000) (1024K)]
  0x000002027eeef220 WorkerThread "GC Thread#1"                     [id=22244, stack(0x0000002262b00000,0x0000002262c00000) (1024K)]
  0x000002027eeef9c0 WorkerThread "GC Thread#2"                     [id=25192, stack(0x0000002262c00000,0x0000002262d00000) (1024K)]
  0x000002027ef67e50 WorkerThread "GC Thread#3"                     [id=29960, stack(0x0000002262d00000,0x0000002262e00000) (1024K)]
  0x000002027ef681f0 WorkerThread "GC Thread#4"                     [id=33628, stack(0x0000002262e00000,0x0000002262f00000) (1024K)]
  0x000002027ef68590 WorkerThread "GC Thread#5"                     [id=33048, stack(0x0000002262f00000,0x0000002263000000) (1024K)]
  0x000002027ef68930 WorkerThread "GC Thread#6"                     [id=7724, stack(0x0000002263000000,0x0000002263100000) (1024K)]
  0x000002027ec1a090 WorkerThread "GC Thread#7"                     [id=8788, stack(0x0000002263500000,0x0000002263600000) (1024K)]
  0x000002027eee74e0 WorkerThread "GC Thread#8"                     [id=27756, stack(0x0000002263800000,0x0000002263900000) (1024K)]
  0x000002027eee7140 WorkerThread "GC Thread#9"                     [id=33368, stack(0x0000002263900000,0x0000002263a00000) (1024K)]
  0x000002027eee7fc0 WorkerThread "GC Thread#10"                    [id=32336, stack(0x0000002263a00000,0x0000002263b00000) (1024K)]
  0x000002027eee7880 WorkerThread "GC Thread#11"                    [id=5992, stack(0x0000002263e00000,0x0000002263f00000) (1024K)]
  0x000002027eee8700 WorkerThread "GC Thread#12"                    [id=33624, stack(0x0000002263f00000,0x0000002264000000) (1024K)]
  0x000002027eee7c20 WorkerThread "GC Thread#13"                    [id=14568, stack(0x0000002264000000,0x0000002264100000) (1024K)]
  0x0000020204564580 WorkerThread "GC Thread#14"                    [id=14848, stack(0x0000002264100000,0x0000002264200000) (1024K)]
Total: 17

Threads with active compile tasks:
C2 CompilerThread0  9978 2857       4       org.lombokweb.asm.ClassReader::readMethod (1066 bytes)
Total: 1

VM state: not at safepoint (normal execution)

VM Mutex/Monitor currently owned by a thread: None

Heap address: 0x00000000c0000000, size: 1024 MB, Compressed Oops mode: 32-bit

CDS archive(s) mapped at: [0x000002023b000000-0x000002023bba0000-0x000002023bba0000), size 12189696, SharedBaseAddress: 0x000002023b000000, ArchiveRelocationMode: 1.
Compressed class space mapped at: 0x000002023c000000-0x000002027c000000, reserved size: 1073741824
Narrow klass base: 0x000002023b000000, Narrow klass shift: 0, Narrow klass range: 0x100000000

GC Precious Log:
 CardTable entry size: 512
 CPUs: 20 total, 20 available
 Memory: 7896M
 Large Page Support: Disabled
 NUMA Support: Disabled
 Compressed Oops: Enabled (32-bit)
 Alignments: Space 512K, Generation 512K, Heap 2M
 Heap Min Capacity: 100M
 Heap Initial Capacity: 100M
 Heap Max Capacity: 1G
 Pre-touch: Disabled
 Parallel Workers: 15

Heap:
 PSYoungGen      total 29696K, used 505K [0x00000000eab00000, 0x00000000ecd80000, 0x0000000100000000)
  eden space 25088K, 2% used [0x00000000eab00000,0x00000000eab7e7d8,0x00000000ec380000)
  from space 4608K, 0% used [0x00000000ec900000,0x00000000ec900000,0x00000000ecd80000)
  to   space 4608K, 0% used [0x00000000ec480000,0x00000000ec480000,0x00000000ec900000)
 ParOldGen       total 68608K, used 9734K [0x00000000c0000000, 0x00000000c4300000, 0x00000000eab00000)
  object space 68608K, 14% used [0x00000000c0000000,0x00000000c0981b00,0x00000000c4300000)
 Metaspace       used 20965K, committed 21568K, reserved 1114112K
  class space    used 1982K, committed 2240K, reserved 1048576K

Card table byte_map: [0x00000202256e0000,0x00000202258f0000] _byte_map_base: 0x00000202250e0000

Marking Bits: (ParMarkBitMap*) 0x00007ffac49d2250
 Begin Bits: [0x0000020238060000, 0x0000020239060000)
 End Bits:   [0x0000020239060000, 0x000002023a060000)

Polling page: 0x00000202254d0000

Metaspace:

Usage:
  Non-class:     18.54 MB used.
      Class:      1.94 MB used.
       Both:     20.48 MB used.

Virtual space:
  Non-class space:       64.00 MB reserved,      18.88 MB ( 29%) committed,  1 nodes.
      Class space:        1.00 GB reserved,       2.19 MB ( <1%) committed,  1 nodes.
             Both:        1.06 GB reserved,      21.06 MB (  2%) committed. 

Chunk freelists:
   Non-Class:  13.06 MB
       Class:  13.82 MB
        Both:  26.88 MB

MaxMetaspaceSize: unlimited
CompressedClassSpaceSize: 1.00 GB
Initial GC threshold: 21.00 MB
Current GC threshold: 35.00 MB
CDS: on
 - commit_granule_bytes: 65536.
 - commit_granule_words: 8192.
 - virtual_space_node_default_size: 8388608.
 - enlarge_chunks_in_place: 1.
 - use_allocation_guard: 0.


Internal statistics:

num_allocs_failed_limit: 3.
num_arena_births: 500.
num_arena_deaths: 14.
num_vsnodes_births: 2.
num_vsnodes_deaths: 0.
num_space_committed: 337.
num_space_uncommitted: 0.
num_chunks_returned_to_freelist: 17.
num_chunks_taken_from_freelist: 1275.
num_chunk_merges: 9.
num_chunk_splits: 848.
num_chunks_enlarged: 548.
num_inconsistent_stats: 0.

CodeHeap 'non-profiled nmethods': size=119168Kb used=1123Kb max_used=1123Kb free=118045Kb
 bounds [0x0000020230c00000, 0x0000020230e70000, 0x0000020238060000]
CodeHeap 'profiled nmethods': size=119104Kb used=5596Kb max_used=5596Kb free=113508Kb
 bounds [0x0000020229060000, 0x00000202295e0000, 0x00000202304b0000]
CodeHeap 'non-nmethods': size=7488Kb used=1307Kb max_used=1309Kb free=6180Kb
 bounds [0x00000202304b0000, 0x0000020230720000, 0x0000020230c00000]
 total_blobs=3458 nmethods=2870 adapters=494
 compilation: enabled
              stopped_count=0, restarted_count=0
 full_count=0

Compilation events (20 events):
Event: 9.855 Thread 0x0000020225dce5e0 2862       3       org.lombokweb.asm.ByteVector::put11 (52 bytes)
Event: 9.855 Thread 0x0000020225dce5e0 nmethod 2862 0x00000202295cd690 code [0x00000202295cd840, 0x00000202295cda48]
Event: 9.855 Thread 0x0000020225dce5e0 2863       1       lombok.patcher.MethodLogistics::getReturnOpcode (5 bytes)
Event: 9.855 Thread 0x0000020225dce5e0 nmethod 2863 0x0000020230d18910 code [0x0000020230d18aa0, 0x0000020230d18b68]
Event: 9.855 Thread 0x0000020225dce5e0 2864       3       org.lombokweb.asm.Label::put (83 bytes)
Event: 9.855 Thread 0x0000020225dce5e0 nmethod 2864 0x00000202295cdb90 code [0x00000202295cddc0, 0x00000202295ce1f0]
Event: 9.855 Thread 0x0000020225dce5e0 2867       3       org.lombokweb.asm.MethodVisitor::visitMethodInsn (80 bytes)
Event: 9.856 Thread 0x0000020225dce5e0 nmethod 2867 0x00000202295ce390 code [0x00000202295ce580, 0x00000202295cea28]
Event: 9.856 Thread 0x0000020225dce5e0 2866       3       org.lombokweb.asm.MethodWriter::visitJumpInsn (495 bytes)
Event: 9.857 Thread 0x0000020225dce5e0 nmethod 2866 0x00000202295ceb90 code [0x00000202295ceee0, 0x00000202295cfee8]
Event: 9.894 Thread 0x0000020225dce5e0 2868       3       org.lombokweb.asm.ClassReader::<init> (371 bytes)
Event: 9.895 Thread 0x0000020225dce5e0 nmethod 2868 0x00000202295d0510 code [0x00000202295d0800, 0x00000202295d1928]
Event: 9.895 Thread 0x0000020225dce5e0 2869       3       org.lombokweb.asm.SymbolTable::<init> (536 bytes)
Event: 9.898 Thread 0x0000020225dce5e0 nmethod 2869 0x00000202295d1f10 code [0x00000202295d24c0, 0x00000202295d4c68]
Event: 9.898 Thread 0x0000020225dce5e0 2870       3       org.lombokweb.asm.Label::addForwardReference (102 bytes)
Event: 9.899 Thread 0x0000020225dce5e0 nmethod 2870 0x00000202295d5d90 code [0x00000202295d5f60, 0x00000202295d63c0]
Event: 9.899 Thread 0x0000020225dce5e0 2871       3       org.lombokweb.asm.MethodVisitor::visitJumpInsn (17 bytes)
Event: 9.899 Thread 0x0000020225dce5e0 nmethod 2871 0x00000202295d6590 code [0x00000202295d6740, 0x00000202295d6948]
Event: 9.901 Thread 0x0000020225dce5e0 2873       3       org.lombokweb.asm.ByteVector::putByteArray (49 bytes)
Event: 9.902 Thread 0x0000020225dce5e0 nmethod 2873 0x00000202295d6a10 code [0x00000202295d6be0, 0x00000202295d6ea8]

GC Heap History (10 events):
Event: 2.642 GC heap before
{Heap before GC invocations=1 (full 0):
 PSYoungGen      total 29696K, used 25600K [0x00000000eab00000, 0x00000000ecc00000, 0x0000000100000000)
  eden space 25600K, 100% used [0x00000000eab00000,0x00000000ec400000,0x00000000ec400000)
  from space 4096K, 0% used [0x00000000ec800000,0x00000000ec800000,0x00000000ecc00000)
  to   space 4096K, 0% used [0x00000000ec400000,0x00000000ec400000,0x00000000ec800000)
 ParOldGen       total 68608K, used 0K [0x00000000c0000000, 0x00000000c4300000, 0x00000000eab00000)
  object space 68608K, 0% used [0x00000000c0000000,0x00000000c0000000,0x00000000c4300000)
 Metaspace       used 4374K, committed 4544K, reserved 1114112K
  class space    used 435K, committed 512K, reserved 1048576K
}
Event: 2.657 GC heap after
{Heap after GC invocations=1 (full 0):
 PSYoungGen      total 29696K, used 3206K [0x00000000eab00000, 0x00000000ecc00000, 0x0000000100000000)
  eden space 25600K, 0% used [0x00000000eab00000,0x00000000eab00000,0x00000000ec400000)
  from space 4096K, 78% used [0x00000000ec400000,0x00000000ec721850,0x00000000ec800000)
  to   space 4096K, 0% used [0x00000000ec800000,0x00000000ec800000,0x00000000ecc00000)
 ParOldGen       total 68608K, used 16K [0x00000000c0000000, 0x00000000c4300000, 0x00000000eab00000)
  object space 68608K, 0% used [0x00000000c0000000,0x00000000c0004000,0x00000000c4300000)
 Metaspace       used 4374K, committed 4544K, reserved 1114112K
  class space    used 435K, committed 512K, reserved 1048576K
}
Event: 4.200 GC heap before
{Heap before GC invocations=2 (full 0):
 PSYoungGen      total 29696K, used 28806K [0x00000000eab00000, 0x00000000ecc00000, 0x0000000100000000)
  eden space 25600K, 100% used [0x00000000eab00000,0x00000000ec400000,0x00000000ec400000)
  from space 4096K, 78% used [0x00000000ec400000,0x00000000ec721850,0x00000000ec800000)
  to   space 4096K, 0% used [0x00000000ec800000,0x00000000ec800000,0x00000000ecc00000)
 ParOldGen       total 68608K, used 16K [0x00000000c0000000, 0x00000000c4300000, 0x00000000eab00000)
  object space 68608K, 0% used [0x00000000c0000000,0x00000000c0004000,0x00000000c4300000)
 Metaspace       used 8147K, committed 8448K, reserved 1114112K
  class space    used 802K, committed 960K, reserved 1048576K
}
Event: 4.217 GC heap after
{Heap after GC invocations=2 (full 0):
 PSYoungGen      total 29696K, used 4086K [0x00000000eab00000, 0x00000000ecc00000, 0x0000000100000000)
  eden space 25600K, 0% used [0x00000000eab00000,0x00000000eab00000,0x00000000ec400000)
  from space 4096K, 99% used [0x00000000ec800000,0x00000000ecbfd840,0x00000000ecc00000)
  to   space 4096K, 0% used [0x00000000ec400000,0x00000000ec400000,0x00000000ec800000)
 ParOldGen       total 68608K, used 906K [0x00000000c0000000, 0x00000000c4300000, 0x00000000eab00000)
  object space 68608K, 1% used [0x00000000c0000000,0x00000000c00e2b18,0x00000000c4300000)
 Metaspace       used 8147K, committed 8448K, reserved 1114112K
  class space    used 802K, committed 960K, reserved 1048576K
}
Event: 5.580 GC heap before
{Heap before GC invocations=3 (full 0):
 PSYoungGen      total 29696K, used 29686K [0x00000000eab00000, 0x00000000ecc00000, 0x0000000100000000)
  eden space 25600K, 100% used [0x00000000eab00000,0x00000000ec400000,0x00000000ec400000)
  from space 4096K, 99% used [0x00000000ec800000,0x00000000ecbfd840,0x00000000ecc00000)
  to   space 4096K, 0% used [0x00000000ec400000,0x00000000ec400000,0x00000000ec800000)
 ParOldGen       total 68608K, used 906K [0x00000000c0000000, 0x00000000c4300000, 0x00000000eab00000)
  object space 68608K, 1% used [0x00000000c0000000,0x00000000c00e2b18,0x00000000c4300000)
 Metaspace       used 13036K, committed 13568K, reserved 1114112K
  class space    used 1309K, committed 1536K, reserved 1048576K
}
Event: 5.594 GC heap after
{Heap after GC invocations=3 (full 0):
 PSYoungGen      total 29696K, used 4083K [0x00000000eab00000, 0x00000000ecc00000, 0x0000000100000000)
  eden space 25600K, 0% used [0x00000000eab00000,0x00000000eab00000,0x00000000ec400000)
  from space 4096K, 99% used [0x00000000ec400000,0x00000000ec7fcc70,0x00000000ec800000)
  to   space 4096K, 0% used [0x00000000ec800000,0x00000000ec800000,0x00000000ecc00000)
 ParOldGen       total 68608K, used 2832K [0x00000000c0000000, 0x00000000c4300000, 0x00000000eab00000)
  object space 68608K, 4% used [0x00000000c0000000,0x00000000c02c4180,0x00000000c4300000)
 Metaspace       used 13036K, committed 13568K, reserved 1114112K
  class space    used 1309K, committed 1536K, reserved 1048576K
}
Event: 9.346 GC heap before
{Heap before GC invocations=4 (full 0):
 PSYoungGen      total 29696K, used 29683K [0x00000000eab00000, 0x00000000ecc00000, 0x0000000100000000)
  eden space 25600K, 100% used [0x00000000eab00000,0x00000000ec400000,0x00000000ec400000)
  from space 4096K, 99% used [0x00000000ec400000,0x00000000ec7fcc70,0x00000000ec800000)
  to   space 4096K, 0% used [0x00000000ec800000,0x00000000ec800000,0x00000000ecc00000)
 ParOldGen       total 68608K, used 2832K [0x00000000c0000000, 0x00000000c4300000, 0x00000000eab00000)
  object space 68608K, 4% used [0x00000000c0000000,0x00000000c02c4180,0x00000000c4300000)
 Metaspace       used 16912K, committed 17536K, reserved 1114112K
  class space    used 1691K, committed 1984K, reserved 1048576K
}
Event: 9.354 GC heap after
{Heap after GC invocations=4 (full 0):
 PSYoungGen      total 29696K, used 4094K [0x00000000eab00000, 0x00000000ecc00000, 0x0000000100000000)
  eden space 25600K, 0% used [0x00000000eab00000,0x00000000eab00000,0x00000000ec400000)
  from space 4096K, 99% used [0x00000000ec800000,0x00000000ecbff8d8,0x00000000ecc00000)
  to   space 4096K, 0% used [0x00000000ec400000,0x00000000ec400000,0x00000000ec800000)
 ParOldGen       total 68608K, used 5644K [0x00000000c0000000, 0x00000000c4300000, 0x00000000eab00000)
  object space 68608K, 8% used [0x00000000c0000000,0x00000000c05831b8,0x00000000c4300000)
 Metaspace       used 16912K, committed 17536K, reserved 1114112K
  class space    used 1691K, committed 1984K, reserved 1048576K
}
Event: 9.846 GC heap before
{Heap before GC invocations=5 (full 0):
 PSYoungGen      total 29696K, used 29694K [0x00000000eab00000, 0x00000000ecc00000, 0x0000000100000000)
  eden space 25600K, 100% used [0x00000000eab00000,0x00000000ec400000,0x00000000ec400000)
  from space 4096K, 99% used [0x00000000ec800000,0x00000000ecbff8d8,0x00000000ecc00000)
  to   space 4096K, 0% used [0x00000000ec400000,0x00000000ec400000,0x00000000ec800000)
 ParOldGen       total 68608K, used 5644K [0x00000000c0000000, 0x00000000c4300000, 0x00000000eab00000)
  object space 68608K, 8% used [0x00000000c0000000,0x00000000c05831b8,0x00000000c4300000)
 Metaspace       used 20132K, committed 20736K, reserved 1114112K
  class space    used 1906K, committed 2176K, reserved 1048576K
}
Event: 9.851 GC heap after
{Heap after GC invocations=5 (full 0):
 PSYoungGen      total 29184K, used 4080K [0x00000000eab00000, 0x00000000ece80000, 0x0000000100000000)
  eden space 25088K, 0% used [0x00000000eab00000,0x00000000eab00000,0x00000000ec380000)
  from space 4096K, 99% used [0x00000000ec400000,0x00000000ec7fc188,0x00000000ec800000)
  to   space 5632K, 0% used [0x00000000ec900000,0x00000000ec900000,0x00000000ece80000)
 ParOldGen       total 68608K, used 6106K [0x00000000c0000000, 0x00000000c4300000, 0x00000000eab00000)
  object space 68608K, 8% used [0x00000000c0000000,0x00000000c05f6a88,0x00000000c4300000)
 Metaspace       used 20132K, committed 20736K, reserved 1114112K
  class space    used 1906K, committed 2176K, reserved 1048576K
}

Dll operation events (10 events):
Event: 0.111 Loaded shared library c:\Users\nguye\.cursor\extensions\redhat.java-1.39.0-win32-x64\jre\21.0.5-win32-x86_64\bin\java.dll
Event: 0.526 Loaded shared library c:\Users\nguye\.cursor\extensions\redhat.java-1.39.0-win32-x64\jre\21.0.5-win32-x86_64\bin\zip.dll
Event: 0.648 Loaded shared library C:\Users\nguye\.cursor\extensions\redhat.java-1.39.0-win32-x64\jre\21.0.5-win32-x86_64\bin\instrument.dll
Event: 0.698 Loaded shared library C:\Users\nguye\.cursor\extensions\redhat.java-1.39.0-win32-x64\jre\21.0.5-win32-x86_64\bin\net.dll
Event: 0.707 Loaded shared library C:\Users\nguye\.cursor\extensions\redhat.java-1.39.0-win32-x64\jre\21.0.5-win32-x86_64\bin\nio.dll
Event: 0.711 Loaded shared library C:\Users\nguye\.cursor\extensions\redhat.java-1.39.0-win32-x64\jre\21.0.5-win32-x86_64\bin\zip.dll
Event: 0.888 Loaded shared library C:\Users\nguye\.cursor\extensions\redhat.java-1.39.0-win32-x64\jre\21.0.5-win32-x86_64\bin\jimage.dll
Event: 1.303 Loaded shared library c:\Users\nguye\.cursor\extensions\redhat.java-1.39.0-win32-x64\jre\21.0.5-win32-x86_64\bin\verify.dll
Event: 4.101 Loaded shared library C:\Users\nguye\AppData\Roaming\Cursor\User\globalStorage\redhat.java\1.39.0\config_ss_win\org.eclipse.equinox.launcher\org.eclipse.equinox.launcher.win32.win32.x86_64_1.2.1100.v20240722-2106\eclipse_11904.dll
Event: 8.981 Loaded shared library C:\Users\nguye\AppData\Local\Temp\jna-104772072\jna1107608245004638557.dll

Deoptimization events (20 events):
Event: 9.279 Thread 0x0000020204028660 Uncommon trap: trap_request=0xffffff45 fr.pc=0x0000020230d00e64 relative=0x00000000000006a4
Event: 9.279 Thread 0x0000020204028660 Uncommon trap: reason=unstable_if action=reinterpret pc=0x0000020230d00e64 method=java.util.regex.Matcher.search(I)Z @ 30 c2
Event: 9.279 Thread 0x0000020204028660 DEOPT PACKING pc=0x0000020230d00e64 sp=0x00000022633ef750
Event: 9.279 Thread 0x0000020204028660 DEOPT UNPACKING pc=0x0000020230503aa2 sp=0x00000022633ef720 mode 2
Event: 9.279 Thread 0x0000020204028660 Uncommon trap: trap_request=0xffffffde fr.pc=0x0000020230d02294 relative=0x00000000000003b4
Event: 9.279 Thread 0x0000020204028660 Uncommon trap: reason=class_check action=maybe_recompile pc=0x0000020230d02294 method=java.util.regex.Pattern$BmpCharPropertyGreedy.match(Ljava/util/regex/Matcher;ILjava/lang/CharSequence;)Z @ 70 c2
Event: 9.279 Thread 0x0000020204028660 DEOPT PACKING pc=0x0000020230d02294 sp=0x00000022633ef3a0
Event: 9.279 Thread 0x0000020204028660 DEOPT UNPACKING pc=0x0000020230503aa2 sp=0x00000022633ef348 mode 2
Event: 9.279 Thread 0x0000020204028660 Uncommon trap: trap_request=0xffffffde fr.pc=0x0000020230d02294 relative=0x00000000000003b4
Event: 9.279 Thread 0x0000020204028660 Uncommon trap: reason=class_check action=maybe_recompile pc=0x0000020230d02294 method=java.util.regex.Pattern$BmpCharPropertyGreedy.match(Ljava/util/regex/Matcher;ILjava/lang/CharSequence;)Z @ 70 c2
Event: 9.279 Thread 0x0000020204028660 DEOPT PACKING pc=0x0000020230d02294 sp=0x00000022633ef220
Event: 9.279 Thread 0x0000020204028660 DEOPT UNPACKING pc=0x0000020230503aa2 sp=0x00000022633ef1c8 mode 2
Event: 9.845 Thread 0x0000020204028660 Uncommon trap: trap_request=0xffffff45 fr.pc=0x0000020230d17bec relative=0x000000000000014c
Event: 9.845 Thread 0x0000020204028660 Uncommon trap: reason=unstable_if action=reinterpret pc=0x0000020230d17bec method=org.lombokweb.asm.ByteVector.putByteArray([BII)Lorg/lombokweb/asm/ByteVector; @ 20 c2
Event: 9.845 Thread 0x0000020204028660 DEOPT PACKING pc=0x0000020230d17bec sp=0x00000022633f24e0
Event: 9.845 Thread 0x0000020204028660 DEOPT UNPACKING pc=0x0000020230503aa2 sp=0x00000022633f24b0 mode 2
Event: 9.845 Thread 0x0000020204028660 Uncommon trap: trap_request=0xffffff45 fr.pc=0x0000020230d17524 relative=0x0000000000000364
Event: 9.845 Thread 0x0000020204028660 Uncommon trap: reason=unstable_if action=reinterpret pc=0x0000020230d17524 method=org.lombokweb.asm.Label.resolve([BLorg/lombokweb/asm/ByteVector;I)Z @ 81 c2
Event: 9.845 Thread 0x0000020204028660 DEOPT PACKING pc=0x0000020230d17524 sp=0x00000022633f2570
Event: 9.845 Thread 0x0000020204028660 DEOPT UNPACKING pc=0x0000020230503aa2 sp=0x00000022633f2478 mode 2

Classes loaded (20 events):
Event: 9.308 Loading class java/util/zip/GZIPInputStream
Event: 9.309 Loading class java/util/zip/GZIPInputStream done
Event: 9.312 Loading class java/util/zip/GZIPOutputStream
Event: 9.312 Loading class java/util/zip/GZIPOutputStream done
Event: 9.315 Loading class java/net/SocketTimeoutException
Event: 9.316 Loading class java/io/InterruptedIOException
Event: 9.316 Loading class java/io/InterruptedIOException done
Event: 9.316 Loading class java/net/SocketTimeoutException done
Event: 9.316 Loading class java/net/SocketException
Event: 9.316 Loading class java/net/SocketException done
Event: 9.316 Loading class java/net/UnknownHostException
Event: 9.316 Loading class java/net/UnknownHostException done
Event: 9.316 Loading class java/net/ProtocolException
Event: 9.316 Loading class java/net/ProtocolException done
Event: 9.363 Loading class java/lang/ThreadLocal$SuppliedThreadLocal
Event: 9.363 Loading class java/lang/ThreadLocal$SuppliedThreadLocal done
Event: 9.376 Loading class java/io/FileWriter
Event: 9.376 Loading class java/io/FileWriter done
Event: 9.381 Loading class java/lang/NegativeArraySizeException
Event: 9.381 Loading class java/lang/NegativeArraySizeException done

Classes unloaded (0 events):
No events

Classes redefined (0 events):
No events

Internal exceptions (20 events):
Event: 5.987 Thread 0x0000020204028660 Exception <a 'java/lang/NoSuchMethodError'{0x00000000eb62cbf0}: 'java.lang.Object java.lang.invoke.DirectMethodHandle$Holder.invokeStaticInit(java.lang.Object, int, int, int, int)'> (0x00000000eb62cbf0) 
thrown [s\src\hotspot\share\interpreter\linkResolver.cpp, line 773]
Event: 6.266 Thread 0x0000020204028660 Exception <a 'java/lang/NoSuchMethodError'{0x00000000eb749968}: 'java.lang.Object java.lang.invoke.DirectMethodHandle$Holder.invokeStaticInit(java.lang.Object, java.lang.Object, int, int, int, int)'> (0x00000000eb749968) 
thrown [s\src\hotspot\share\interpreter\linkResolver.cpp, line 773]
Event: 9.012 Thread 0x0000020204028660 Exception <a 'java/lang/NoSuchMethodError'{0x00000000eb841e80}: 'void java.lang.invoke.DirectMethodHandle$Holder.invokeSpecial(java.lang.Object, java.lang.Object, java.lang.Object, int)'> (0x00000000eb841e80) 
thrown [s\src\hotspot\share\interpreter\linkResolver.cpp, line 773]
Event: 9.012 Thread 0x0000020204028660 Exception <a 'java/lang/NoSuchMethodError'{0x00000000eb845810}: 'void java.lang.invoke.DelegatingMethodHandle$Holder.reinvoke_L(java.lang.Object, java.lang.Object, int)'> (0x00000000eb845810) 
thrown [s\src\hotspot\share\interpreter\linkResolver.cpp, line 773]
Event: 9.013 Thread 0x0000020204028660 Exception <a 'java/lang/NoSuchMethodError'{0x00000000eb84c548}: 'int java.lang.invoke.Invokers$Holder.invokeExact_MT(java.lang.Object, java.lang.Object, java.lang.Object)'> (0x00000000eb84c548) 
thrown [s\src\hotspot\share\interpreter\linkResolver.cpp, line 773]
Event: 9.029 Thread 0x0000020204028660 Exception <a 'java/lang/NoSuchMethodError'{0x00000000eb94e5d0}: 'void java.lang.invoke.Invokers$Holder.invokeExact_MT(java.lang.Object, java.lang.Object, int, java.lang.Object)'> (0x00000000eb94e5d0) 
thrown [s\src\hotspot\share\interpreter\linkResolver.cpp, line 773]
Event: 9.068 Thread 0x0000020204028660 Exception <a 'java/lang/NoSuchMethodError'{0x00000000eba3ec30}: 'java.lang.Object java.lang.invoke.DirectMethodHandle$Holder.invokeSpecial(java.lang.Object, java.lang.Object, java.lang.Object, long, java.lang.Object)'> (0x00000000eba3ec30) 
thrown [s\src\hotspot\share\interpreter\linkResolver.cpp, line 773]
Event: 9.071 Thread 0x0000020204028660 Exception <a 'java/lang/NoSuchMethodError'{0x00000000eba463c0}: 'java.lang.Object java.lang.invoke.DirectMethodHandle$Holder.newInvokeSpecial(java.lang.Object, java.lang.Object, java.lang.Object, long)'> (0x00000000eba463c0) 
thrown [s\src\hotspot\share\interpreter\linkResolver.cpp, line 773]
Event: 9.071 Thread 0x0000020204028660 Exception <a 'java/lang/NoSuchMethodError'{0x00000000eba4a040}: 'java.lang.Object java.lang.invoke.Invokers$Holder.linkToTargetMethod(java.lang.Object, java.lang.Object, long, java.lang.Object)'> (0x00000000eba4a040) 
thrown [s\src\hotspot\share\interpreter\linkResolver.cpp, line 773]
Event: 9.086 Thread 0x0000020204028660 Exception <a 'java/lang/NoSuchMethodError'{0x00000000ebabac00}: 'int java.lang.invoke.DirectMethodHandle$Holder.invokeStaticInit(java.lang.Object, java.lang.Object, java.lang.Object)'> (0x00000000ebabac00) 
thrown [s\src\hotspot\share\interpreter\linkResolver.cpp, line 773]
Event: 9.123 Thread 0x0000020204028660 Exception <a 'java/lang/IncompatibleClassChangeError'{0x00000000ebc8a990}: Found class java.lang.Object, but interface was expected> (0x00000000ebc8a990) 
thrown [s\src\hotspot\share\interpreter\linkResolver.cpp, line 840]
Event: 9.130 Thread 0x0000020204028660 Exception <a 'java/lang/NoSuchMethodError'{0x00000000ebc9c940}: 'java.lang.Object java.lang.invoke.DirectMethodHandle$Holder.invokeSpecial(java.lang.Object, java.lang.Object, java.lang.Object, int, java.lang.Object, java.lang.Object)'> (0x00000000ebc9c940) 
thrown [s\src\hotspot\share\interpreter\linkResolver.cpp, line 773]
Event: 9.132 Thread 0x0000020204028660 Exception <a 'java/lang/NoSuchMethodError'{0x00000000ebca41d8}: 'java.lang.Object java.lang.invoke.DirectMethodHandle$Holder.newInvokeSpecial(java.lang.Object, java.lang.Object, java.lang.Object, int, java.lang.Object)'> (0x00000000ebca41d8) 
thrown [s\src\hotspot\share\interpreter\linkResolver.cpp, line 773]
Event: 9.132 Thread 0x0000020204028660 Exception <a 'java/lang/NoSuchMethodError'{0x00000000ebca7cc8}: 'java.lang.Object java.lang.invoke.Invokers$Holder.linkToTargetMethod(java.lang.Object, java.lang.Object, int, java.lang.Object, java.lang.Object)'> (0x00000000ebca7cc8) 
thrown [s\src\hotspot\share\interpreter\linkResolver.cpp, line 773]
Event: 9.133 Thread 0x000002027e970930 Exception <a 'java/lang/NoSuchMethodError'{0x00000000eba77858}: 'java.lang.Object java.lang.invoke.DirectMethodHandle$Holder.invokeSpecial(java.lang.Object, java.lang.Object, int, java.lang.Object, java.lang.Object)'> (0x00000000eba77858) 
thrown [s\src\hotspot\share\interpreter\linkResolver.cpp, line 773]
Event: 9.135 Thread 0x000002027e970930 Exception <a 'java/lang/NoSuchMethodError'{0x00000000eba7e590}: 'java.lang.Object java.lang.invoke.DirectMethodHandle$Holder.newInvokeSpecial(java.lang.Object, java.lang.Object, int, java.lang.Object)'> (0x00000000eba7e590) 
thrown [s\src\hotspot\share\interpreter\linkResolver.cpp, line 773]
Event: 9.171 Thread 0x0000020204028660 Exception <a 'java/lang/NoSuchMethodError'{0x00000000ebda7c48}: 'void java.lang.invoke.DirectMethodHandle$Holder.invokeSpecial(java.lang.Object, java.lang.Object, java.lang.Object, java.lang.Object, java.lang.Object)'> (0x00000000ebda7c48) 
thrown [s\src\hotspot\share\interpreter\linkResolver.cpp, line 773]
Event: 9.252 Thread 0x0000020204028660 Exception <a 'java/lang/NoSuchMethodError'{0x00000000ec0750d8}: 'double java.lang.invoke.DirectMethodHandle$Holder.invokeStatic(java.lang.Object, java.lang.Object)'> (0x00000000ec0750d8) 
thrown [s\src\hotspot\share\interpreter\linkResolver.cpp, line 773]
Event: 9.253 Thread 0x0000020204028660 Exception <a 'java/lang/NoSuchMethodError'{0x00000000ec078798}: 'double java.lang.invoke.DirectMethodHandle$Holder.invokeStaticInit(java.lang.Object, java.lang.Object)'> (0x00000000ec078798) 
thrown [s\src\hotspot\share\interpreter\linkResolver.cpp, line 773]
Event: 9.845 Thread 0x0000020204028660 Implicit null exception at 0x0000020230d17af5 to 0x0000020230d17bd0

ZGC Phase Switch (0 events):
No events

VM Operations (20 events):
Event: 5.256 Executing VM operation: HandshakeAllThreads (Deoptimize)
Event: 5.256 Executing VM operation: HandshakeAllThreads (Deoptimize) done
Event: 5.256 Executing VM operation: Cleanup
Event: 5.257 Executing VM operation: Cleanup done
Event: 5.580 Executing VM operation: ParallelGCFailedAllocation (Allocation Failure)
Event: 5.594 Executing VM operation: ParallelGCFailedAllocation (Allocation Failure) done
Event: 7.594 Executing VM operation: Cleanup
Event: 7.594 Executing VM operation: Cleanup done
Event: 8.993 Executing VM operation: HandshakeAllThreads (Deoptimize)
Event: 8.993 Executing VM operation: HandshakeAllThreads (Deoptimize) done
Event: 9.099 Executing VM operation: HandshakeAllThreads (Deoptimize)
Event: 9.099 Executing VM operation: HandshakeAllThreads (Deoptimize) done
Event: 9.099 Executing VM operation: Cleanup
Event: 9.099 Executing VM operation: Cleanup done
Event: 9.114 Executing VM operation: HandshakeAllThreads (Deoptimize)
Event: 9.114 Executing VM operation: HandshakeAllThreads (Deoptimize) done
Event: 9.346 Executing VM operation: ParallelGCFailedAllocation (Allocation Failure)
Event: 9.354 Executing VM operation: ParallelGCFailedAllocation (Allocation Failure) done
Event: 9.846 Executing VM operation: ParallelGCFailedAllocation (Allocation Failure)
Event: 9.851 Executing VM operation: ParallelGCFailedAllocation (Allocation Failure) done

Memory protections (0 events):
No events

Nmethod flushes (0 events):
No events

Events (20 events):
Event: 0.263 Thread 0x0000020225d1a620 Thread added: 0x0000020225d1a620
Event: 0.413 Thread 0x0000020225d1a620 Thread added: 0x0000020225db4f70
Event: 0.413 Thread 0x0000020225d1a620 Thread added: 0x0000020225db7030
Event: 0.414 Thread 0x0000020225d1a620 Thread added: 0x0000020225dbb500
Event: 0.414 Thread 0x0000020225d1a620 Thread added: 0x0000020225dbc150
Event: 0.415 Thread 0x0000020225d1a620 Thread added: 0x0000020225dbdb10
Event: 0.416 Thread 0x0000020225d1a620 Thread added: 0x0000020225dc0890
Event: 0.417 Thread 0x0000020225d1a620 Thread added: 0x0000020225dccf80
Event: 0.417 Thread 0x0000020225d1a620 Thread added: 0x0000020225dce5e0
Event: 0.494 Thread 0x0000020225d1a620 Thread added: 0x000002027c904840
Event: 1.513 Thread 0x0000020225d1a620 Thread added: 0x000002027cb5ed10
Event: 3.582 Thread 0x0000020225d1a620 Thread added: 0x000002027eb64f10
Event: 4.078 Thread 0x0000020225d1a620 Thread added: 0x000002027f017db0
Event: 4.087 Thread 0x0000020225d1a620 Thread added: 0x0000020204028660
Event: 4.152 Thread 0x0000020204028660 Thread added: 0x0000020204017780
Event: 4.599 Thread 0x0000020204028660 Thread added: 0x0000020204044b60
Event: 5.318 Thread 0x0000020204028660 Thread added: 0x0000020204154380
Event: 9.020 Thread 0x0000020204028660 Thread added: 0x000002027e9702d0
Event: 9.075 Thread 0x0000020204028660 Thread added: 0x000002027e970930
Event: 9.136 Thread 0x0000020204028660 Thread added: 0x000002027e873aa0


Dynamic libraries:
0x00007ff7eecc0000 - 0x00007ff7eecce000 	c:\Users\nguye\.cursor\extensions\redhat.java-1.39.0-win32-x64\jre\21.0.5-win32-x86_64\bin\java.exe
0x00007ffb736f0000 - 0x00007ffb73907000 	C:\WINDOWS\SYSTEM32\ntdll.dll
0x00007ffb27da0000 - 0x00007ffb27dba000 	C:\Program Files\Norton\Suite\aswhook.dll
0x00007ffb72bb0000 - 0x00007ffb72c74000 	C:\WINDOWS\System32\KERNEL32.DLL
0x00007ffb709f0000 - 0x00007ffb70daa000 	C:\WINDOWS\System32\KERNELBASE.dll
0x00007ffb71020000 - 0x00007ffb71131000 	C:\WINDOWS\System32\ucrtbase.dll
0x00007ffb5e720000 - 0x00007ffb5e73e000 	c:\Users\nguye\.cursor\extensions\redhat.java-1.39.0-win32-x64\jre\21.0.5-win32-x86_64\bin\VCRUNTIME140.dll
0x00007ffb5e760000 - 0x00007ffb5e778000 	c:\Users\nguye\.cursor\extensions\redhat.java-1.39.0-win32-x64\jre\21.0.5-win32-x86_64\bin\jli.dll
0x00007ffb727a0000 - 0x00007ffb7294e000 	C:\WINDOWS\System32\USER32.dll
0x00007ffb70ff0000 - 0x00007ffb71016000 	C:\WINDOWS\System32\win32u.dll
0x00007ffb722f0000 - 0x00007ffb72319000 	C:\WINDOWS\System32\GDI32.dll
0x00007ffb54dd0000 - 0x00007ffb55062000 	C:\WINDOWS\WinSxS\amd64_microsoft.windows.common-controls_6595b64144ccf1df_6.0.22621.4541_none_2710d1c57384c085\COMCTL32.dll
0x00007ffb70e30000 - 0x00007ffb70f4b000 	C:\WINDOWS\System32\gdi32full.dll
0x00007ffb732d0000 - 0x00007ffb73377000 	C:\WINDOWS\System32\msvcrt.dll
0x00007ffb70f50000 - 0x00007ffb70fea000 	C:\WINDOWS\System32\msvcp_win.dll
0x00007ffb73490000 - 0x00007ffb734c1000 	C:\WINDOWS\System32\IMM32.DLL
0x00007ffb66960000 - 0x00007ffb6696c000 	c:\Users\nguye\.cursor\extensions\redhat.java-1.39.0-win32-x64\jre\21.0.5-win32-x86_64\bin\vcruntime140_1.dll
0x00007ffb42260000 - 0x00007ffb422ed000 	c:\Users\nguye\.cursor\extensions\redhat.java-1.39.0-win32-x64\jre\21.0.5-win32-x86_64\bin\msvcp140.dll
0x00007ffac3d20000 - 0x00007ffac4aaf000 	c:\Users\nguye\.cursor\extensions\redhat.java-1.39.0-win32-x64\jre\21.0.5-win32-x86_64\bin\server\jvm.dll
0x00007ffb73380000 - 0x00007ffb73432000 	C:\WINDOWS\System32\ADVAPI32.dll
0x00007ffb72950000 - 0x00007ffb729f7000 	C:\WINDOWS\System32\sechost.dll
0x00007ffb709c0000 - 0x00007ffb709e8000 	C:\WINDOWS\System32\bcrypt.dll
0x00007ffb71670000 - 0x00007ffb71784000 	C:\WINDOWS\System32\RPCRT4.dll
0x00007ffb72c90000 - 0x00007ffb72d01000 	C:\WINDOWS\System32\WS2_32.dll
0x00007ffb6f810000 - 0x00007ffb6f85d000 	C:\WINDOWS\SYSTEM32\POWRPROF.dll
0x00007ffb66de0000 - 0x00007ffb66dea000 	C:\WINDOWS\SYSTEM32\VERSION.dll
0x00007ffb673e0000 - 0x00007ffb67414000 	C:\WINDOWS\SYSTEM32\WINMM.dll
0x00007ffb6f7f0000 - 0x00007ffb6f803000 	C:\WINDOWS\SYSTEM32\UMPDC.dll
0x00007ffb6fac0000 - 0x00007ffb6fad8000 	C:\WINDOWS\SYSTEM32\kernel.appcore.dll
0x00007ffb64220000 - 0x00007ffb6422a000 	c:\Users\nguye\.cursor\extensions\redhat.java-1.39.0-win32-x64\jre\21.0.5-win32-x86_64\bin\jimage.dll
0x00007ffb6dd50000 - 0x00007ffb6df82000 	C:\WINDOWS\SYSTEM32\DBGHELP.DLL
0x00007ffb72ec0000 - 0x00007ffb7324f000 	C:\WINDOWS\System32\combase.dll
0x00007ffb72210000 - 0x00007ffb722e7000 	C:\WINDOWS\System32\OLEAUT32.dll
0x00007ffb66210000 - 0x00007ffb66242000 	C:\WINDOWS\SYSTEM32\dbgcore.DLL
0x00007ffb71370000 - 0x00007ffb713eb000 	C:\WINDOWS\System32\bcryptPrimitives.dll
0x00007ffb5e420000 - 0x00007ffb5e42f000 	c:\Users\nguye\.cursor\extensions\redhat.java-1.39.0-win32-x64\jre\21.0.5-win32-x86_64\bin\instrument.dll
0x00007ffb47b50000 - 0x00007ffb47b6f000 	c:\Users\nguye\.cursor\extensions\redhat.java-1.39.0-win32-x64\jre\21.0.5-win32-x86_64\bin\java.dll
0x00007ffb717b0000 - 0x00007ffb72028000 	C:\WINDOWS\System32\SHELL32.dll
0x00007ffb6e8c0000 - 0x00007ffb6f1c8000 	C:\WINDOWS\SYSTEM32\windows.storage.dll
0x00007ffb6e780000 - 0x00007ffb6e8bf000 	C:\WINDOWS\SYSTEM32\wintypes.dll
0x00007ffb713f0000 - 0x00007ffb714ea000 	C:\WINDOWS\System32\SHCORE.dll
0x00007ffb73250000 - 0x00007ffb732ae000 	C:\WINDOWS\System32\shlwapi.dll
0x00007ffb708f0000 - 0x00007ffb7091b000 	C:\WINDOWS\SYSTEM32\profapi.dll
0x00007ffb47b30000 - 0x00007ffb47b48000 	c:\Users\nguye\.cursor\extensions\redhat.java-1.39.0-win32-x64\jre\21.0.5-win32-x86_64\bin\zip.dll
0x00007ffb5e410000 - 0x00007ffb5e420000 	C:\Users\nguye\.cursor\extensions\redhat.java-1.39.0-win32-x64\jre\21.0.5-win32-x86_64\bin\net.dll
0x00007ffb67a50000 - 0x00007ffb67b86000 	C:\WINDOWS\SYSTEM32\WINHTTP.dll
0x00007ffb6ff50000 - 0x00007ffb6ffb9000 	C:\WINDOWS\system32\mswsock.dll
0x00007ffb42240000 - 0x00007ffb42256000 	C:\Users\nguye\.cursor\extensions\redhat.java-1.39.0-win32-x64\jre\21.0.5-win32-x86_64\bin\nio.dll
0x00007ffb5e2e0000 - 0x00007ffb5e2f0000 	c:\Users\nguye\.cursor\extensions\redhat.java-1.39.0-win32-x64\jre\21.0.5-win32-x86_64\bin\verify.dll
0x00007ffb357c0000 - 0x00007ffb35805000 	C:\Users\nguye\AppData\Roaming\Cursor\User\globalStorage\redhat.java\1.39.0\config_ss_win\org.eclipse.equinox.launcher\org.eclipse.equinox.launcher.win32.win32.x86_64_1.2.1100.v20240722-2106\eclipse_11904.dll
0x00007ffb72d10000 - 0x00007ffb72eb5000 	C:\WINDOWS\System32\ole32.dll
0x00007ffb701c0000 - 0x00007ffb701db000 	C:\WINDOWS\SYSTEM32\CRYPTSP.dll
0x00007ffb6fa20000 - 0x00007ffb6fa55000 	C:\WINDOWS\system32\rsaenh.dll
0x00007ffb70060000 - 0x00007ffb70088000 	C:\WINDOWS\SYSTEM32\USERENV.dll
0x00007ffb701e0000 - 0x00007ffb701ec000 	C:\WINDOWS\SYSTEM32\CRYPTBASE.dll
0x00007ffb6f4a0000 - 0x00007ffb6f4cd000 	C:\WINDOWS\SYSTEM32\IPHLPAPI.DLL
0x00007ffb714f0000 - 0x00007ffb714f9000 	C:\WINDOWS\System32\NSI.dll
0x00007ffb1fc10000 - 0x00007ffb1fc59000 	C:\Users\nguye\AppData\Local\Temp\jna-104772072\jna1107608245004638557.dll
0x00007ffb72c80000 - 0x00007ffb72c88000 	C:\WINDOWS\System32\PSAPI.DLL

dbghelp: loaded successfully - version: 4.0.5 - missing functions: none
symbol engine: initialized successfully - sym options: 0x614 - pdb path: .;c:\Users\nguye\.cursor\extensions\redhat.java-1.39.0-win32-x64\jre\21.0.5-win32-x86_64\bin;C:\WINDOWS\SYSTEM32;C:\Program Files\Norton\Suite;C:\WINDOWS\WinSxS\amd64_microsoft.windows.common-controls_6595b64144ccf1df_6.0.22621.4541_none_2710d1c57384c085;c:\Users\nguye\.cursor\extensions\redhat.java-1.39.0-win32-x64\jre\21.0.5-win32-x86_64\bin\server;C:\Users\nguye\AppData\Roaming\Cursor\User\globalStorage\redhat.java\1.39.0\config_ss_win\org.eclipse.equinox.launcher\org.eclipse.equinox.launcher.win32.win32.x86_64_1.2.1100.v20240722-2106;C:\Users\nguye\AppData\Local\Temp\jna-104772072

VM Arguments:
jvm_args: --add-modules=ALL-SYSTEM --add-opens=java.base/java.util=ALL-UNNAMED --add-opens=java.base/java.lang=ALL-UNNAMED --add-opens=java.base/sun.nio.fs=ALL-UNNAMED -Declipse.application=org.eclipse.jdt.ls.core.id1 -Dosgi.bundles.defaultStartLevel=4 -Declipse.product=org.eclipse.jdt.ls.core.product -Djava.import.generatesMetadataFilesAtProjectRoot=false -DDetectVMInstallationsJob.disabled=true -Dfile.encoding=utf8 -XX:+UseParallelGC -XX:GCTimeRatio=4 -XX:AdaptiveSizePolicyWeight=90 -Dsun.zip.disableMemoryMapping=true -Xmx1G -Xms100m -Xlog:disable -javaagent:c:\Users\nguye\.cursor\extensions\redhat.java-1.39.0-win32-x64\lombok\lombok-1.18.34.jar 
java_command: c:\Users\nguye\.cursor\extensions\redhat.java-1.39.0-win32-x64\server\plugins\org.eclipse.equinox.launcher_1.6.900.v20240613-2009.jar -configuration c:\Users\nguye\AppData\Roaming\Cursor\User\globalStorage\redhat.java\1.39.0\config_ss_win -data c:\Users\nguye\AppData\Roaming\Cursor\User\workspaceStorage\ed44e53be9f5bbf355ef99718bf589ff\redhat.java\ss_ws --pipe=\\.\pipe\lsp-8230abb35fea576ea3c7580ef303fe6e-sock
java_class_path (initial): c:\Users\nguye\.cursor\extensions\redhat.java-1.39.0-win32-x64\server\plugins\org.eclipse.equinox.launcher_1.6.900.v20240613-2009.jar
Launcher Type: SUN_STANDARD

[Global flags]
    uintx AdaptiveSizePolicyWeight                 = 90                                        {product} {command line}
     intx CICompilerCount                          = 12                                        {product} {ergonomic}
    uintx GCTimeRatio                              = 4                                         {product} {command line}
   size_t InitialHeapSize                          = 104857600                                 {product} {command line}
   size_t MaxHeapSize                              = 1073741824                                {product} {command line}
   size_t MaxNewSize                               = 357564416                                 {product} {ergonomic}
   size_t MinHeapDeltaBytes                        = 524288                                    {product} {ergonomic}
   size_t MinHeapSize                              = 104857600                                 {product} {command line}
   size_t NewSize                                  = 34603008                                  {product} {ergonomic}
    uintx NonNMethodCodeHeapSize                   = 7602480                                {pd product} {ergonomic}
    uintx NonProfiledCodeHeapSize                  = 122027880                              {pd product} {ergonomic}
   size_t OldSize                                  = 70254592                                  {product} {ergonomic}
    uintx ProfiledCodeHeapSize                     = 122027880                              {pd product} {ergonomic}
    uintx ReservedCodeCacheSize                    = 251658240                              {pd product} {ergonomic}
     bool SegmentedCodeCache                       = true                                      {product} {ergonomic}
   size_t SoftMaxHeapSize                          = 1073741824                             {manageable} {ergonomic}
     bool UseCompressedOops                        = true                           {product lp64_product} {ergonomic}
     bool UseLargePagesIndividualAllocation        = false                                  {pd product} {ergonomic}
     bool UseParallelGC                            = true                                      {product} {command line}

Logging:
Log output configuration:
 #0: stdout all=off uptime,level,tags foldmultilines=false
 #1: stderr all=off uptime,level,tags foldmultilines=false

Environment Variables:
PATH=C:\Program Files\Eclipse Adoptium\jdk-21.0.5.11-hotspot\bin;C:\Windows\system32;C:\Windows;C:\Windows\System32\Wbem;C:\Windows\System32\WindowsPowerShell\v1.0\;C:\Windows\System32\OpenSSH\;C:\Program Files (x86)\NVIDIA Corporation\PhysX\Common;C:\Program Files\NVIDIA Corporation\NVIDIA NvDLISR;C:\WINDOWS\system32;C:\WINDOWS;C:\WINDOWS\System32\Wbem;C:\WINDOWS\System32\WindowsPowerShell\v1.0\;C:\WINDOWS\System32\OpenSSH\;C:\Program Files\Microsoft SQL Server\150\Tools\Binn\;C:\Program Files\Microsoft SQL Server\Client SDK\ODBC\170\Tools\Binn\;C:\Program Files\dotnet\;C:\Program Files\nodejs\;C:\Program Files (x86)\Microsoft SQL Server\160\Tools\Binn\;C:\Program Files\Microsoft SQL Server\160\Tools\Binn\;C:\Program Files\Microsoft SQL Server\160\DTS\Binn\;C:\Program Files (x86)\Microsoft SQL Server\160\DTS\Binn\;C:\Program Files\Git\cmd;C:\Program Files (x86)\Microsoft SQL Server\150\DTS\Binn\;C:\Program Files\Azure Data Studio\bin;C:\Users\nguye\AppData\Local\Microsoft\WindowsApps;C:\Users\nguye\AppData\Local\Programs\Microsoft VS Code\bin;C:\Users\nguye\.dotnet\tools;C:\Users\nguye\AppData\Roaming\npm;C:\Program Files\Azure Data Studio\bin;C:\Users\nguye\AppData\Local\Programs\cursor\resources\app\bin
USERNAME=nguye
OS=Windows_NT
PROCESSOR_IDENTIFIER=Intel64 Family 6 Model 154 Stepping 3, GenuineIntel
TMP=C:\Users\nguye\AppData\Local\Temp
TEMP=C:\Users\nguye\AppData\Local\Temp




Periodic native trim disabled

---------------  S Y S T E M  ---------------

OS:
 Windows 11 , 64 bit Build 22621 (10.0.22621.4391)
OS uptime: 1 days 17:52 hours
Hyper-V role detected

CPU: total 20 (initial active 20) (10 cores per cpu, 2 threads per core) family 6 model 154 stepping 3 microcode 0x420, cx8, cmov, fxsr, ht, mmx, 3dnowpref, sse, sse2, sse3, ssse3, sse4.1, sse4.2, popcnt, lzcnt, tsc, tscinvbit, avx, avx2, aes, erms, clmul, bmi1, bmi2, adx, sha, fma, vzeroupper, clflush, clflushopt, clwb, hv, serialize, rdtscp, rdpid, fsrm, f16c, cet_ibt, cet_ss
Processor Information for processor 0
  Max Mhz: 2700, Current Mhz: 2700, Mhz Limit: 2700
Processor Information for processor 1
  Max Mhz: 2700, Current Mhz: 2700, Mhz Limit: 2700
Processor Information for processor 2
  Max Mhz: 2700, Current Mhz: 2700, Mhz Limit: 2700
Processor Information for processor 3
  Max Mhz: 2700, Current Mhz: 2700, Mhz Limit: 2700
Processor Information for processor 4
  Max Mhz: 2700, Current Mhz: 2700, Mhz Limit: 2700
Processor Information for processor 5
  Max Mhz: 2700, Current Mhz: 2700, Mhz Limit: 2700
Processor Information for processor 6
  Max Mhz: 2700, Current Mhz: 2700, Mhz Limit: 2700
Processor Information for processor 7
  Max Mhz: 2700, Current Mhz: 2700, Mhz Limit: 2700
Processor Information for processor 8
  Max Mhz: 2700, Current Mhz: 2700, Mhz Limit: 2700
Processor Information for processor 9
  Max Mhz: 2700, Current Mhz: 2700, Mhz Limit: 2700
Processor Information for processor 10
  Max Mhz: 2700, Current Mhz: 2700, Mhz Limit: 2700
Processor Information for processor 11
  Max Mhz: 2700, Current Mhz: 2700, Mhz Limit: 2700
Processor Information for processor 12
  Max Mhz: 2700, Current Mhz: 1995, Mhz Limit: 1971
Processor Information for processor 13
  Max Mhz: 2700, Current Mhz: 1995, Mhz Limit: 1971
Processor Information for processor 14
  Max Mhz: 2700, Current Mhz: 1995, Mhz Limit: 1971
Processor Information for processor 15
  Max Mhz: 2700, Current Mhz: 1995, Mhz Limit: 1971
Processor Information for processor 16
  Max Mhz: 2700, Current Mhz: 1995, Mhz Limit: 1971
Processor Information for processor 17
  Max Mhz: 2700, Current Mhz: 1995, Mhz Limit: 1971
Processor Information for processor 18
  Max Mhz: 2700, Current Mhz: 1995, Mhz Limit: 1971
Processor Information for processor 19
  Max Mhz: 2700, Current Mhz: 1995, Mhz Limit: 1971

Memory: 4k page, system-wide physical 7896M (101M free)
TotalPageFile size 32472M (AvailPageFile size 9M)
current process WorkingSet (physical memory assigned to process): 125M, peak: 125M
current process commit charge ("private bytes"): 259M, peak: 260M

vm_info: OpenJDK 64-Bit Server VM (21.0.5+11-LTS) for windows-amd64 JRE (21.0.5+11-LTS), built on 2024-10-15T00:00:00Z by "admin" with MS VC++ 17.7 (VS2022)

END.
